    0 0
    0 0
    0 0
    0 0
    0 0
    0 0
    0 0
    0 0
    0 0
    0 0
YMH6360YP0 ATT7791R A;S DEN 1420564394 1001
SPR4484HA6 ATT7791R AM% DEN 1420564394 1001
WBE6935NU$ XOY7948U ATL LHR 1420564038 877
WYu2010YH8 FYL5866L ATL HKG 1420565140 1751
JJM4724RF7 YZO4444S BKK MI^ 1420565330 2027
SJD8|75RZ4 ULZ8130D CAN DFW 1420564983 1683
CKZ313\BR4 QHU1140O CDG LAS 1420564498 1133
HGO4350KK1 QHU1140O CDG vAS 1420564498 1133
SJD8775RZ4 WSK1289Z CLT vEN 1420563542 278
SJD8775RZ4 4QU6245R DEN FRA 1420564460 1049
UES915*GS5 SQU6245R DEN FRA 1420564460 1049
DAZ3029XA0 WPW9201U DFW yEK 1420564869 1452
CXN7304ER2 VDCP164W FCO LAS 1420564698 1276
SJD8775RZ4 HZT2506M IAH #MS 1420564324 1044
PUD8209OG3 XXQ4064% JFK FRA 1420563917 802
POP2875LH3 MBw8071P KUL PEK 1420563856 572
ONL0812DH1 BER7172M KUL [AS 1420565167 1848
KKP5277HZ7 VYW5940P LAS :IN 1420565203 1843
SPRb484HA6 VYW5940P LAS SIN 1420565203 1843
BWI0520BG6 VYW5940P LAS SI| 1420565203 1843
CXN7304ER2 GMO593[W LHR PEK 1420564317 1057
MXU9187YC7 MOO1786A MAD ]RA 1420563408 184
CKZ3132BR4 RUM0422W MUC ;AD 1420563539 194
PUD8209OG3 SOH3431A OR8 MIA 1420563649 250
WTC9125IE5 XIL3623J PEK L}X 1420564414 1302
WYU2010YH8 XIL3623J PEe LAX 1420564414 1302
PAJ3974RK1 EWH6301Y ~AN DFW 1420564967 1683
